XYZABCDEFGHIJKLMNOPQRSTUVWXYZABCDEFGHIJKLMNOPQRSTUVWABCDEFGHIJKLMNOPQRSTUVWXYZ